// Jest Snapshot v1, https://goo.gl/fbAQLP

exports[`ItineraryContainer should render correctly without flight data 1`] = `
<div>
  <div
    className="bpk-grid__container"
  >
    <div
      className="bpk-grid__row bpk-grid__row--padded"
    >
      <form
        onSubmit={[Function]}
      >
        <label
          className="bpk-label"
        >
          From: 
        </label>
        <input
          aria-invalid={false}
          className="bpk-input bpk-input--docked-first"
          disabled={true}
          id="from_text"
          name="from"
          placeholder="Country, city or airport"
          type="text"
          value="Edimburg"
        />
        <label
          className="bpk-label"
        >
          To: 
        </label>
        <input
          aria-invalid={false}
          className="bpk-input bpk-input--docked-last"
          disabled={true}
          id="to_text"
          name="to"
          placeholder="Country, city or airport"
          type="text"
          value="London"
        />
        <label
          className="bpk-label"
        >
          Number of adults
        </label>
        <select
          aria-invalid={false}
          className="bpk-select"
          disabled={false}
          id="adults"
          label="Number of adults"
          name="adults"
          onChange={[Function]}
          value="1"
        >
          <option
            value="1"
          >
            1
          </option>
          <option
            value="2"
          >
            2
          </option>
          <option
            value="3"
          >
            3
          </option>
          <option
            value="4"
          >
            4
          </option>
          <option
            value="4"
          >
            5
          </option>
          <option
            value="5"
          >
            6
          </option>
          <option
            value="6"
          >
            7
          </option>
          <option
            value="8"
          >
            8
          </option>
        </select>
        <label
          className="bpk-label"
        >
          Number of children
        </label>
        <select
          aria-invalid={false}
          className="bpk-select"
          disabled={false}
          id="children"
          label="Number of children"
          name="children"
          onChange={[Function]}
          value="0"
        >
          <option
            value="8"
          >
            0
          </option>
          <option
            value="1"
          >
            1
          </option>
          <option
            value="2"
          >
            2
          </option>
          <option
            value="3"
          >
            3
          </option>
          <option
            value="4"
          >
            4
          </option>
          <option
            value="4"
          >
            5
          </option>
          <option
            value="5"
          >
            6
          </option>
          <option
            value="6"
          >
            7
          </option>
          <option
            value="8"
          >
            8
          </option>
        </select>
        <label
          className="bpk-label"
        >
          Number of infants
        </label>
        <select
          aria-invalid={false}
          className="bpk-select"
          disabled={false}
          id="infants"
          label="Number of infants"
          name="infants"
          onChange={[Function]}
          value="0"
        >
          <option
            value="8"
          >
            0
          </option>
          <option
            value="1"
          >
            1
          </option>
          <option
            value="2"
          >
            2
          </option>
          <option
            value="3"
          >
            3
          </option>
          <option
            value="4"
          >
            4
          </option>
          <option
            value="4"
          >
            5
          </option>
          <option
            value="5"
          >
            6
          </option>
          <option
            value="6"
          >
            7
          </option>
          <option
            value="8"
          >
            8
          </option>
        </select>
        <label
          className="bpk-label"
        >
          Class
        </label>
        <select
          aria-invalid={false}
          className="bpk-select"
          disabled={false}
          id="fclass"
          label="Flight Class"
          name="fclass"
          onChange={[Function]}
          value="economy"
        >
          <option
            value="economy"
          >
            Economy
          </option>
          <option
            value="premiumeconomy"
          >
            Premium Economy
          </option>
          <option
            value="business"
          >
            Business
          </option>
          <option
            value="first"
          >
            First
          </option>
        </select>
        <label
          className="bpk-label"
        >
          Departure date: 
        </label>
        <input
          aria-invalid={false}
          className="bpk-input bpk-input--docked-first"
          disabled={true}
          id="departure_text"
          name="departure"
          placeholder="Country, city or airport"
          type="text"
          value="2019-03-25"
        />
        <label
          className="bpk-label"
        >
          Return Date: 
        </label>
        <input
          aria-invalid={false}
          className="bpk-input bpk-input--docked-last"
          disabled={true}
          id="return_text"
          name="returnd"
          placeholder="Country, city or airport"
          type="text"
          value="2019-03-26"
        />
        <label
          className="bpk-label"
        >
          Search type:
        </label>
        <select
          aria-invalid={false}
          className="bpk-select"
          disabled={false}
          id="searchType"
          label="Search type"
          name="searchType"
          onChange={[Function]}
          value="paginated"
        >
          <option
            value="paginated"
          >
            Paginated
          </option>
          <option
            value="all"
          >
            All results (slower)
          </option>
        </select>
        <button
          className="bpk-button"
          disabled={false}
          onClick={[Function]}
          type="button"
        >
          Search Flights
        </button>
      </form>
    </div>
  </div>
</div>
`;
